pipeline:
  stages:
  - steps:
    - run:
        script:
        - go build
        - go test
